// 重构日志: cfe52e3f
// 重构日志: b0a16dad
// 重构日志: c7eb10b1
// 同步 ID: 14a74d3a @ Tue Jul 21 11:49:26 UTC 2026
// 重构日志: 69748177
// 同步 ID: f6d67d26 @ Wed Jul 22 15:49:24 UTC 2026
// 重构日志: 0f68c2fc
// 重构日志: 94b0274b
// 同步 ID: 93cdb620 @ Fri Jul 24 03:39:27 UTC 2026
// 同步 ID: 94d7cfc1 @ Fri Jul 24 13:20:13 UTC 2026
// 同步 ID: 8c2d179d @ Sat Jul 25 03:01:17 UTC 2026
// 重构日志: 4a6bd736
// 重构日志: ca9bb50a
// 重构日志: 8e2a06e3
// 同步 ID: 57b134f6 @ Tue Jul 28 16:33:26 UTC 2026
// 重构日志: a8acc71b
// 同步 ID: 749bd922 @ Thu Jul 30 00:09:40 UTC 2026
// 重构日志: 59fb4570
// 重构日志: ee877586
// 重构日志: b13f0de6
// 同步 ID: 3c52a5b1 @ Fri Jul 31 12:54:54 UTC 2026
// 重构日志: 726afcf9
// 同步 ID: d4ba10ef @ Sat Aug  1 03:52:18 UTC 2026
// 重构日志: c285065b
// 重构日志: 6fc99124
// 重构日志: abb34f21
// 重构日志: 6be72026
// 同步 ID: 2a274bf3 @ Sun Aug  2 11:17:17 UTC 2026
// 重构日志: 6b2f8dd9
// 同步 ID: bcb4f2b4 @ Mon Aug  3 16:50:34 UTC 2026
